2026-09-29T06:11:24.505Z
{
  "message": "read ECONNRESET",
  "cause": null,
  "code": "ECONNRESET"
}

2026-09-29T08:29:47.574Z
{
  "message": "read ECONNRESET",
  "cause": null,
  "code": "ECONNRESET"
}

2026-10-02T23:41:28.525Z
{
  "message": "Unexpected end of JSON input",
  "cause": null
}

2026-10-08T11:34:00.846Z
{
  "message": "Cannot convert undefined or null to object",
  "cause": null
}

2026-10-08T11:34:20.939Z
{
  "message": "Cannot convert undefined or null to object",
  "cause": null
}

