Error: Failed query: insert into "delivery_batches" ("id", "tenant_id", "batch_number", "variant_id", "total_quantity", "quota_quantity", "total_weight", "pickup_location", "suggested_vehicle_id", "delivery_fee", "status", "created_at") values (default, $1, $2, $3, $4, $5, $6, $7, $8, default, $9, default) returning "id", "tenant_id", "batch_number", "variant_id", "total_quantity", "quota_quantity", "total_weight", "pickup_location", "suggested_vehicle_id", "delivery_fee", "status", "created_at"
params: 20,Hybrid Solar Inverter - 5kW Single Phase,182,32,50,0,Sorsogon East Central School, Alegre Street, Bitan-o, Sorsogon City, Sorsogon, Bicol Region, 4700, Philippines (School),,DRAFT
    at PostgresJsPreparedQuery.queryWithCache (C:\Users\hp\Desktop\GETDelivery\.next\dev\server\chunks\node_modules_drizzle-orm_0kui1js._.js:6420:23)
    at process.processTicksAndRejections (node:internal/process/task_queues:104:5)
    at async C:\Users\hp\Desktop\GETDelivery\.next\dev\server\chunks\node_modules_drizzle-orm_0kui1js._.js:7355:26
    at async POST (file:///C:/Users/hp/Desktop/GETDelivery/.next/dev/server/chunks/%5Broot-of-the-server%5D__07znu52._.js?id=%5Bproject%5D/src/app/api/admin/orders/batch-dispatch/route.ts+%5Bapp-route%5D+(ecmascript):132:25)
    at async AppRouteRouteModule.do (C:\Users\hp\Desktop\GETDelivery\node_modules\next\dist\compiled\next-server\app-route-turbo.runtime.dev.js:5:42793)
    at async AppRouteRouteModule.handle (C:\Users\hp\Desktop\GETDelivery\node_modules\next\dist\compiled\next-server\app-route-turbo.runtime.dev.js:5:50547)
    at async responseGenerator (C:\Users\hp\Desktop\GETDelivery\.next\dev\server\chunks\node_modules_next_0w7-l5o._.js:4709:30)
    at async AppRouteRouteModule.handleResponse (C:\Users\hp\Desktop\GETDelivery\node_modules\next\dist\compiled\next-server\app-route-turbo.runtime.dev.js:1:250160)
    at async handleResponse (C:\Users\hp\Desktop\GETDelivery\.next\dev\server\chunks\node_modules_next_0w7-l5o._.js:4781:32)
    at async Module.handler (C:\Users\hp\Desktop\GETDelivery\.next\dev\server\chunks\node_modules_next_0w7-l5o._.js:4901:9)
    at async DevServer.renderToResponseWithComponentsImpl (C:\Users\hp\Desktop\GETDelivery\node_modules\next\dist\server\base-server.js:1537:9)
    at async DevServer.renderPageComponent (C:\Users\hp\Desktop\GETDelivery\node_modules\next\dist\server\base-server.js:1589:24)
    at async DevServer.renderToResponseImpl (C:\Users\hp\Desktop\GETDelivery\node_modules\next\dist\server\base-server.js:1639:32)
    at async DevServer.pipeImpl (C:\Users\hp\Desktop\GETDelivery\node_modules\next\dist\server\base-server.js:1088:25)
    at async NextNodeServer.handleCatchallRenderRequest (C:\Users\hp\Desktop\GETDelivery\node_modules\next\dist\server\next-server.js:338:17)
    at async DevServer.handleRequestImpl (C:\Users\hp\Desktop\GETDelivery\node_modules\next\dist\server\base-server.js:979:17)
    at async C:\Users\hp\Desktop\GETDelivery\node_modules\next\dist\server\dev\next-dev-server.js:426:20
    at async Span.traceAsyncFn (C:\Users\hp\Desktop\GETDelivery\node_modules\next\dist\trace\trace.js:164:20)
    at async DevServer.handleRequest (C:\Users\hp\Desktop\GETDelivery\node_modules\next\dist\server\dev\next-dev-server.js:422:24)
    at async invokeRender (C:\Users\hp\Desktop\GETDelivery\node_modules\next\dist\server\lib\router-server.js:306:21)
    at async handleRequest (C:\Users\hp\Desktop\GETDelivery\node_modules\next\dist\server\lib\router-server.js:508:24)
    at async requestHandlerImpl (C:\Users\hp\Desktop\GETDelivery\node_modules\next\dist\server\lib\router-server.js:565:13)
    at async Server.requestListener (C:\Users\hp\Desktop\GETDelivery\node_modules\next\dist\server\lib\start-server.js:225:13)
Error: Failed query: insert into "delivery_batches" ("id", "tenant_id", "batch_number", "variant_id", "total_quantity", "quota_quantity", "total_weight", "pickup_location", "suggested_vehicle_id", "delivery_fee", "status", "created_at") values (default, $1, $2, $3, $4, $5, $6, $7, $8, default, $9, default) returning "id", "tenant_id", "batch_number", "variant_id", "total_quantity", "quota_quantity", "total_weight", "pickup_location", "suggested_vehicle_id", "delivery_fee", "status", "created_at"
params: 20,Hybrid Solar Inverter - 5kW Single Phase,182,32,50,0,Sorsogon East Central School, Alegre Street, Bitan-o, Sorsogon City, Sorsogon, Bicol Region, 4700, Philippines (School),,DRAFT
    at PostgresJsPreparedQuery.queryWithCache (C:\Users\hp\Desktop\GETDelivery\.next\dev\server\chunks\node_modules_drizzle-orm_0kui1js._.js:6420:23)
    at process.processTicksAndRejections (node:internal/process/task_queues:104:5)
    at async C:\Users\hp\Desktop\GETDelivery\.next\dev\server\chunks\node_modules_drizzle-orm_0kui1js._.js:7355:26
    at async POST (file:///C:/Users/hp/Desktop/GETDelivery/.next/dev/server/chunks/%5Broot-of-the-server%5D__07znu52._.js?id=%5Bproject%5D/src/app/api/admin/orders/batch-dispatch/route.ts+%5Bapp-route%5D+(ecmascript):132:25)
    at async AppRouteRouteModule.do (C:\Users\hp\Desktop\GETDelivery\node_modules\next\dist\compiled\next-server\app-route-turbo.runtime.dev.js:5:42793)
    at async AppRouteRouteModule.handle (C:\Users\hp\Desktop\GETDelivery\node_modules\next\dist\compiled\next-server\app-route-turbo.runtime.dev.js:5:50547)
    at async responseGenerator (C:\Users\hp\Desktop\GETDelivery\.next\dev\server\chunks\node_modules_next_0w7-l5o._.js:4709:30)
    at async AppRouteRouteModule.handleResponse (C:\Users\hp\Desktop\GETDelivery\node_modules\next\dist\compiled\next-server\app-route-turbo.runtime.dev.js:1:250160)
    at async handleResponse (C:\Users\hp\Desktop\GETDelivery\.next\dev\server\chunks\node_modules_next_0w7-l5o._.js:4781:32)
    at async Module.handler (C:\Users\hp\Desktop\GETDelivery\.next\dev\server\chunks\node_modules_next_0w7-l5o._.js:4901:9)
    at async DevServer.renderToResponseWithComponentsImpl (C:\Users\hp\Desktop\GETDelivery\node_modules\next\dist\server\base-server.js:1537:9)
    at async DevServer.renderPageComponent (C:\Users\hp\Desktop\GETDelivery\node_modules\next\dist\server\base-server.js:1589:24)
    at async DevServer.renderToResponseImpl (C:\Users\hp\Desktop\GETDelivery\node_modules\next\dist\server\base-server.js:1639:32)
    at async DevServer.pipeImpl (C:\Users\hp\Desktop\GETDelivery\node_modules\next\dist\server\base-server.js:1088:25)
    at async NextNodeServer.handleCatchallRenderRequest (C:\Users\hp\Desktop\GETDelivery\node_modules\next\dist\server\next-server.js:338:17)
    at async DevServer.handleRequestImpl (C:\Users\hp\Desktop\GETDelivery\node_modules\next\dist\server\base-server.js:979:17)
    at async C:\Users\hp\Desktop\GETDelivery\node_modules\next\dist\server\dev\next-dev-server.js:426:20
    at async Span.traceAsyncFn (C:\Users\hp\Desktop\GETDelivery\node_modules\next\dist\trace\trace.js:164:20)
    at async DevServer.handleRequest (C:\Users\hp\Desktop\GETDelivery\node_modules\next\dist\server\dev\next-dev-server.js:422:24)
    at async invokeRender (C:\Users\hp\Desktop\GETDelivery\node_modules\next\dist\server\lib\router-server.js:306:21)
    at async handleRequest (C:\Users\hp\Desktop\GETDelivery\node_modules\next\dist\server\lib\router-server.js:508:24)
    at async requestHandlerImpl (C:\Users\hp\Desktop\GETDelivery\node_modules\next\dist\server\lib\router-server.js:565:13)
    at async Server.requestListener (C:\Users\hp\Desktop\GETDelivery\node_modules\next\dist\server\lib\start-server.js:225:13)
Error: Failed query: insert into "delivery_batches" ("id", "tenant_id", "batch_number", "variant_id", "total_quantity", "quota_quantity", "total_weight", "pickup_location", "suggested_vehicle_id", "delivery_fee", "status", "created_at") values (default, $1, $2, $3, $4, $5, $6, $7, $8, default, $9, default) returning "id", "tenant_id", "batch_number", "variant_id", "total_quantity", "quota_quantity", "total_weight", "pickup_location", "suggested_vehicle_id", "delivery_fee", "status", "created_at"
params: 20,Hybrid Solar Inverter - 5kW Single Phase,180,21,10,0,Sorsogon East Central School, Alegre Street, Bitan-o, Sorsogon City, Sorsogon, Bicol Region, 4700, Philippines (School),,DRAFT
    at PostgresJsPreparedQuery.queryWithCache (C:\Users\hp\Desktop\GETDelivery\.next\dev\server\chunks\node_modules_drizzle-orm_0kui1js._.js:6420:23)
    at process.processTicksAndRejections (node:internal/process/task_queues:104:5)
    at async C:\Users\hp\Desktop\GETDelivery\.next\dev\server\chunks\node_modules_drizzle-orm_0kui1js._.js:7355:26
    at async POST (file:///C:/Users/hp/Desktop/GETDelivery/.next/dev/server/chunks/%5Broot-of-the-server%5D__07znu52._.js?id=%5Bproject%5D/src/app/api/admin/orders/batch-dispatch/route.ts+%5Bapp-route%5D+(ecmascript):132:25)
    at async AppRouteRouteModule.do (C:\Users\hp\Desktop\GETDelivery\node_modules\next\dist\compiled\next-server\app-route-turbo.runtime.dev.js:5:42793)
    at async AppRouteRouteModule.handle (C:\Users\hp\Desktop\GETDelivery\node_modules\next\dist\compiled\next-server\app-route-turbo.runtime.dev.js:5:50547)
    at async responseGenerator (C:\Users\hp\Desktop\GETDelivery\.next\dev\server\chunks\node_modules_next_0w7-l5o._.js:4709:30)
    at async AppRouteRouteModule.handleResponse (C:\Users\hp\Desktop\GETDelivery\node_modules\next\dist\compiled\next-server\app-route-turbo.runtime.dev.js:1:250160)
    at async handleResponse (C:\Users\hp\Desktop\GETDelivery\.next\dev\server\chunks\node_modules_next_0w7-l5o._.js:4781:32)
    at async Module.handler (C:\Users\hp\Desktop\GETDelivery\.next\dev\server\chunks\node_modules_next_0w7-l5o._.js:4901:9)
    at async DevServer.renderToResponseWithComponentsImpl (C:\Users\hp\Desktop\GETDelivery\node_modules\next\dist\server\base-server.js:1537:9)
    at async DevServer.renderPageComponent (C:\Users\hp\Desktop\GETDelivery\node_modules\next\dist\server\base-server.js:1589:24)
    at async DevServer.renderToResponseImpl (C:\Users\hp\Desktop\GETDelivery\node_modules\next\dist\server\base-server.js:1639:32)
    at async DevServer.pipeImpl (C:\Users\hp\Desktop\GETDelivery\node_modules\next\dist\server\base-server.js:1088:25)
    at async NextNodeServer.handleCatchallRenderRequest (C:\Users\hp\Desktop\GETDelivery\node_modules\next\dist\server\next-server.js:338:17)
    at async DevServer.handleRequestImpl (C:\Users\hp\Desktop\GETDelivery\node_modules\next\dist\server\base-server.js:979:17)
    at async C:\Users\hp\Desktop\GETDelivery\node_modules\next\dist\server\dev\next-dev-server.js:426:20
    at async Span.traceAsyncFn (C:\Users\hp\Desktop\GETDelivery\node_modules\next\dist\trace\trace.js:164:20)
    at async DevServer.handleRequest (C:\Users\hp\Desktop\GETDelivery\node_modules\next\dist\server\dev\next-dev-server.js:422:24)
    at async invokeRender (C:\Users\hp\Desktop\GETDelivery\node_modules\next\dist\server\lib\router-server.js:306:21)
    at async handleRequest (C:\Users\hp\Desktop\GETDelivery\node_modules\next\dist\server\lib\router-server.js:508:24)
    at async requestHandlerImpl (C:\Users\hp\Desktop\GETDelivery\node_modules\next\dist\server\lib\router-server.js:565:13)
    at async Server.requestListener (C:\Users\hp\Desktop\GETDelivery\node_modules\next\dist\server\lib\start-server.js:225:13)
Error: Failed query: insert into "delivery_batches" ("id", "tenant_id", "batch_number", "variant_id", "total_quantity", "quota_quantity", "total_weight", "pickup_location", "suggested_vehicle_id", "delivery_fee", "status", "created_at") values (default, $1, $2, $3, $4, $5, $6, $7, $8, default, $9, default) returning "id", "tenant_id", "batch_number", "variant_id", "total_quantity", "quota_quantity", "total_weight", "pickup_location", "suggested_vehicle_id", "delivery_fee", "status", "created_at"
params: 20,Hybrid Solar Inverter - 5kW Single Phase,182,32,50,0,Sorsogon East Central School, Alegre Street, Bitan-o, Sorsogon City, Sorsogon, Bicol Region, 4700, Philippines (School),,DRAFT
    at PostgresJsPreparedQuery.queryWithCache (C:\Users\hp\Desktop\GETDelivery\.next\dev\server\chunks\node_modules_drizzle-orm_0kui1js._.js:6420:23)
    at process.processTicksAndRejections (node:internal/process/task_queues:104:5)
    at async C:\Users\hp\Desktop\GETDelivery\.next\dev\server\chunks\node_modules_drizzle-orm_0kui1js._.js:7355:26
    at async POST (file:///C:/Users/hp/Desktop/GETDelivery/.next/dev/server/chunks/%5Broot-of-the-server%5D__07znu52._.js?id=%5Bproject%5D/src/app/api/admin/orders/batch-dispatch/route.ts+%5Bapp-route%5D+(ecmascript):132:25)
    at async AppRouteRouteModule.do (C:\Users\hp\Desktop\GETDelivery\node_modules\next\dist\compiled\next-server\app-route-turbo.runtime.dev.js:5:42793)
    at async AppRouteRouteModule.handle (C:\Users\hp\Desktop\GETDelivery\node_modules\next\dist\compiled\next-server\app-route-turbo.runtime.dev.js:5:50547)
    at async responseGenerator (C:\Users\hp\Desktop\GETDelivery\.next\dev\server\chunks\node_modules_next_0w7-l5o._.js:4709:30)
    at async AppRouteRouteModule.handleResponse (C:\Users\hp\Desktop\GETDelivery\node_modules\next\dist\compiled\next-server\app-route-turbo.runtime.dev.js:1:250160)
    at async handleResponse (C:\Users\hp\Desktop\GETDelivery\.next\dev\server\chunks\node_modules_next_0w7-l5o._.js:4781:32)
    at async Module.handler (C:\Users\hp\Desktop\GETDelivery\.next\dev\server\chunks\node_modules_next_0w7-l5o._.js:4901:9)
    at async DevServer.renderToResponseWithComponentsImpl (C:\Users\hp\Desktop\GETDelivery\node_modules\next\dist\server\base-server.js:1537:9)
    at async DevServer.renderPageComponent (C:\Users\hp\Desktop\GETDelivery\node_modules\next\dist\server\base-server.js:1589:24)
    at async DevServer.renderToResponseImpl (C:\Users\hp\Desktop\GETDelivery\node_modules\next\dist\server\base-server.js:1639:32)
    at async DevServer.pipeImpl (C:\Users\hp\Desktop\GETDelivery\node_modules\next\dist\server\base-server.js:1088:25)
    at async NextNodeServer.handleCatchallRenderRequest (C:\Users\hp\Desktop\GETDelivery\node_modules\next\dist\server\next-server.js:338:17)
    at async DevServer.handleRequestImpl (C:\Users\hp\Desktop\GETDelivery\node_modules\next\dist\server\base-server.js:979:17)
    at async C:\Users\hp\Desktop\GETDelivery\node_modules\next\dist\server\dev\next-dev-server.js:426:20
    at async Span.traceAsyncFn (C:\Users\hp\Desktop\GETDelivery\node_modules\next\dist\trace\trace.js:164:20)
    at async DevServer.handleRequest (C:\Users\hp\Desktop\GETDelivery\node_modules\next\dist\server\dev\next-dev-server.js:422:24)
    at async invokeRender (C:\Users\hp\Desktop\GETDelivery\node_modules\next\dist\server\lib\router-server.js:306:21)
    at async handleRequest (C:\Users\hp\Desktop\GETDelivery\node_modules\next\dist\server\lib\router-server.js:508:24)
    at async requestHandlerImpl (C:\Users\hp\Desktop\GETDelivery\node_modules\next\dist\server\lib\router-server.js:565:13)
    at async Server.requestListener (C:\Users\hp\Desktop\GETDelivery\node_modules\next\dist\server\lib\start-server.js:225:13)
